// Jest Snapshot v1, https://goo.gl/fbAQLP

exports[`renders correctly 1`] = `
<RCTScrollView
  data={
    Array [
      Object {
        "language": "React Native",
        "name": "Test",
      },
    ]
  }
  disableVirtualization={false}
  getItem={[Function]}
  getItemCount={[Function]}
  horizontal={false}
  initialNumToRender={10}
  keyExtractor={[Function]}
  maxToRenderPerBatch={10}
  onContentSizeChange={[Function]}
  onEndReachedThreshold={2}
  onLayout={[Function]}
  onMomentumScrollEnd={[Function]}
  onScroll={[Function]}
  onScrollBeginDrag={[Function]}
  onScrollEndDrag={[Function]}
  removeClippedSubviews={false}
  renderItem={[Function]}
  scrollEventThrottle={50}
  stickyHeaderIndices={Array []}
  style={
    Object {
      "width": "100%",
    }
  }
  updateCellsBatchingPeriod={50}
  viewabilityConfigCallbackPairs={Array []}
  windowSize={21}
>
  <View>
    <View
      onLayout={[Function]}
      style={null}
    >
      <View
        style={
          Array [
            Object {
              "alignItems": "center",
              "backgroundColor": "#fff",
              "borderColor": "#777",
              "borderRadius": 5,
              "borderStyle": "solid",
              "borderWidth": 1,
              "display": "flex",
              "flexDirection": "row",
              "justifyContent": "space-between",
              "marginBottom": 10,
              "marginLeft": 10,
              "marginRight": 10,
              "marginTop": 10,
              "paddingBottom": 10,
              "paddingLeft": 10,
              "paddingRight": 10,
              "paddingTop": 10,
            },
          ]
        }
      >
        <View
          style={
            Array [
              Object {
                "display": "flex",
              },
            ]
          }
        >
          <Text
            style={
              Array [
                Object {
                  "fontFamily": "Antipasto Pro",
                  "textTransform": "uppercase",
                },
              ]
            }
          >
            Test
          </Text>
          <Text
            style={
              Array [
                Object {
                  "fontFamily": "Antipasto Pro",
                  "textTransform": "uppercase",
                },
              ]
            }
          >
            React Native
          </Text>
        </View>
        <View
          accessible={true}
          focusable={true}
          onClick={[Function]}
          onResponderGrant={[Function]}
          onResponderMove={[Function]}
          onResponderRelease={[Function]}
          onResponderTerminate={[Function]}
          onResponderTerminationRequest={[Function]}
          onStartShouldSetResponder={[Function]}
          style={
            Object {
              "alignItems": "center",
              "backgroundColor": "#5000ca",
              "borderRadius": 100,
              "height": 25,
              "justifyContent": "center",
              "opacity": 1,
              "paddingBottom": 10,
              "paddingLeft": 10,
              "paddingRight": 10,
              "paddingTop": 10,
            }
          }
        >
          <Text
            style={
              Array [
                Object {
                  "color": "#fff",
                  "fontFamily": "Antipasto Pro",
                  "fontSize": 11,
                  "textTransform": "uppercase",
                },
              ]
            }
          >
            Detalhes
          </Text>
        </View>
      </View>
    </View>
  </View>
</RCTScrollView>
`;
