// Jest Snapshot v1, https://goo.gl/fbAQLP

exports[`renders correctly 1`] = `
<View
  style={
    Array [
      Object {
        "alignItems": "center",
        "display": "flex",
        "flexDirection": "row",
        "marginBottom": 10,
      },
    ]
  }
>
  <View
    style={
      Array [
        Object {
          "display": "flex",
          "justifyContent": "center",
          "width": "80%",
        },
      ]
    }
  >
    <Text
      style={
        Array [
          Object {
            "color": "#000",
            "fontFamily": "Antipasto Pro",
            "marginBottom": 5,
            "textTransform": "uppercase",
          },
        ]
      }
    >
      Usuario
    </Text>
    <TextInput
      allowFontScaling={true}
      onChangeText={[Function]}
      rejectResponderTermination={true}
      style={
        Array [
          Object {
            "borderColor": "gray",
            "borderRadius": 5,
            "borderStyle": "solid",
            "borderWidth": 1,
            "fontFamily": "Antipasto Pro",
            "fontSize": 15,
            "height": 40,
            "width": "100%",
          },
        ]
      }
      underlineColorAndroid="transparent"
      value=""
    />
  </View>
  <View
    accessible={true}
    focusable={true}
    onClick={[Function]}
    onResponderGrant={[Function]}
    onResponderMove={[Function]}
    onResponderRelease={[Function]}
    onResponderTerminate={[Function]}
    onResponderTerminationRequest={[Function]}
    onStartShouldSetResponder={[Function]}
    style={
      Object {
        "alignItems": "center",
        "borderRadius": 100,
        "justifyContent": "center",
        "marginBottom": 0,
        "marginLeft": 5,
        "marginRight": 0,
        "marginTop": 15,
        "opacity": 1,
      }
    }
  >
    <Image
      source={
        Object {
          "testUri": "../../../assets/images/search-icon.png",
        }
      }
      style={
        Object {
          "height": 30,
          "width": 30,
        }
      }
    />
  </View>
</View>
`;

exports[`test text 1`] = `
<View
  style={
    Array [
      Object {
        "alignItems": "center",
        "display": "flex",
        "flexDirection": "row",
        "marginBottom": 10,
      },
    ]
  }
>
  <View
    style={
      Array [
        Object {
          "display": "flex",
          "justifyContent": "center",
          "width": "80%",
        },
      ]
    }
  >
    <Text
      style={
        Array [
          Object {
            "color": "#000",
            "fontFamily": "Antipasto Pro",
            "marginBottom": 5,
            "textTransform": "uppercase",
          },
        ]
      }
    >
      Usuario
    </Text>
    <TextInput
      allowFontScaling={true}
      onChangeText={[Function]}
      rejectResponderTermination={true}
      style={
        Array [
          Object {
            "borderColor": "gray",
            "borderRadius": 5,
            "borderStyle": "solid",
            "borderWidth": 1,
            "fontFamily": "Antipasto Pro",
            "fontSize": 15,
            "height": 40,
            "width": "100%",
          },
        ]
      }
      underlineColorAndroid="transparent"
      value=""
    />
  </View>
  <View
    accessible={true}
    focusable={true}
    onClick={[Function]}
    onResponderGrant={[Function]}
    onResponderMove={[Function]}
    onResponderRelease={[Function]}
    onResponderTerminate={[Function]}
    onResponderTerminationRequest={[Function]}
    onStartShouldSetResponder={[Function]}
    style={
      Object {
        "alignItems": "center",
        "borderRadius": 100,
        "justifyContent": "center",
        "marginBottom": 0,
        "marginLeft": 5,
        "marginRight": 0,
        "marginTop": 15,
        "opacity": 1,
      }
    }
  >
    <Image
      source={
        Object {
          "testUri": "../../../assets/images/search-icon.png",
        }
      }
      style={
        Object {
          "height": 30,
          "width": 30,
        }
      }
    />
  </View>
</View>
`;
